// Jest Snapshot v1, https://goo.gl/fbAQLP

exports[`GET /rest/:id Universitaet zu vorhandener Id 1`] = `"https://desktop-5qbrmd2:3000/rest/1000"`;
